// Jest Snapshot v1, https://goo.gl/fbAQLP

exports[`App matches snapshot 1`] = `
<DocumentFragment>
  <div>
    <header
      class="sm:flex justify-between bg-gray-900 py-3 px-4"
    >
      <div
        class="flex items-center justify-between"
      >
        <a
          class="text-xl text-gray-500"
          href="/"
        >
          ExcerTrakr
        </a>
        <div
          class="sm:hidden"
        >
          <button
            class="sm:hidden text-gray-500 hover:text-white focus:text-white focus:outline-none"
            type="button"
          >
            <svg
              class="h-6 w-6 fill-current"
              viewBox="0 0 24 24"
            >
              <path
                d="M4 5h16a1 1 0 0 1 0 2H4a1 1 0 1 1 0-2zm0 6h16a1 1 0 0 1 0 2H4a1 1 0 0 1 0-2zm0 6h16a1 1 0 0 1 0 2H4a1 1 0 0 1 0-2z"
                fill-rule="evenodd"
              />
            </svg>
          </button>
        </div>
      </div>
      <nav
        class="hidden sm:flex text-gray-500 px-0 pt-2 sm:px-2 sm:pt-0 pb-4 sm:p-0"
      >
        <a
          class="block py-1 px-0 sm:px-2 font-semibold rounded hover:bg-gray-800"
          href="/"
        >
          Exercises
        </a>
        <a
          class="py-1 px-0 sm:px-2 font-semibold rounded hover:bg-gray-800 sm:mt-0 sm:ml-2"
          href="/create"
        >
          Create Exercise log
        </a>
        <a
          class="py-1 px-0 sm:px-2 font-semibold rounded hover:bg-gray-800 sm:mt-0 sm:ml-2"
          href="/user"
        >
          Create User
        </a>
      </nav>
    </header>
    <br />
    <div
      class="container mx-auto px-4 pb-6 sm:px-0"
    >
      <div
        class="grid xl:grid-cols-3 md:grid-cols-2 sm:grid-cols-1 grid-cols-1 gap-4"
      />
    </div>
  </div>
</DocumentFragment>
`;
